// Jest Snapshot v1, https://goo.gl/fbAQLP

exports[`<Card /> renders correctly 1`] = `
<button
  className="card"
  onClick={[Function]}
>
  <div
    className="icon_container"
  >
    <div
      className="icon"
    >
      ðŸ‘‹
    </div>
    <div
      className="icon visible"
    >
      <span
        aria-label="sparkle emoji"
        role="img"
      >
        âœ¨
      </span>
    </div>
  </div>
</button>
`;
