// Jest Snapshot v1, https://goo.gl/fbAQLP

exports[`<App/ > renders correctly 1`] = `
<main
  className="l-wrapper"
  role="main"
>
  <h1>
    <span
      aria-label="sparkle emoji"
      role="img"
    >
      ✨
    </span>
    Memory
    <span
      aria-label="sparkle emoji"
      role="img"
    >
      ✨
    </span>
  </h1>
  <p>
    Select a card and find the pair!
  </p>
  <Game />
</main>
`;
